Data sample size = 100000
Normalisation grid size = 40000
10 -9713.141757436904 [0.55       5.49999932 2.5        1.75       4.25      ]
20 -9713.141680733124 [0.55       5.5        2.5        1.75       4.24999993]
30 -9713.074895604619 [0.55000681 5.5        2.50068058 1.75       4.25      ]
40 -9713.149069436957 [0.55       5.49999319 2.50068058 1.75       4.25      ]
50 -9713.375805102653 [0.55       5.49312619 2.50068058 1.75       4.25      ]
60 -9713.474832723576 [0.55       5.49013167 2.50068058 1.75       4.25      ]
70 -9715.921361082324 [0.55       5.42514019 2.50068058 1.75068058 4.25      ]
80 -9740.529414921268 [0.55       4.74810489 2.50068058 1.75       4.25      ]
90 -9739.496843532508 [0.55       4.74810489 2.50068058 1.74686028 4.25      ]
100 -9826.367880828431 [0.54986823 1.90267602 2.50068058 1.75       4.25      ]
110 -9826.78069939534 [0.55       1.90267602 2.50068058 1.74748996 4.25      ]
120 -9849.354963322665 [0.55       1.90267602 3.56134469 1.75       4.25      ]
130 -9850.604658114855 [0.55       1.90267602 3.39572518 1.75       4.25      ]
140 -9924.77408157113 [0.5184959  6.82639953 3.60124378 0.65286393 4.55597174]
150 -9976.16585417886 [0.51632592 6.75109076 3.16605954 0.97091422 4.50414607]
160 -9980.221922752375 [0.50740032 7.71622257 2.47397578 1.04987488 4.41508982]
170 -9983.38304736153 [0.50228358 8.2004142  2.16537821 0.9113365  4.36760316]
180 -9983.528356664985 [0.4966296  8.10619615 2.15100131 0.90358098 4.30896776]
190 -9983.52835669012 [0.49662954 8.10619615 2.15100296 0.90358098 4.30896776]
200 -9983.528356211267 [0.49663023 8.10619615 2.15100131 0.90358098 4.30896776]
210 -9983.528356619812 [0.49662967 8.10619615 2.15100131 0.90358098 4.30896776]
220 -9983.528356182276 [0.49663023 8.10620695 2.15100131 0.90358098 4.30896776]
┌─────────────────────────────────────────────────────────────────────────┐
│                                Migrad                                   │
├──────────────────────────────────┬──────────────────────────────────────┤
│ FCN = -9984                      │        Nfcn = 228, Ngrad = 14        │
│ EDM = 1.55e-06 (Goal: 0.0001)    │            time = 9.2 sec            │
├──────────────────────────────────┼──────────────────────────────────────┤
│          Valid Minimum           │   Below EDM threshold (goal x 10)    │
├──────────────────────────────────┼──────────────────────────────────────┤
│      No parameters at limit      │           Below call limit           │
├──────────────────────────────────┼──────────────────────────────────────┤
│             Hesse ok             │         Covariance accurate          │
└──────────────────────────────────┴──────────────────────────────────────┘
┌───┬──────────┬───────────┬───────────┬────────────┬────────────┬─────────┬─────────┬───────┐
│   │ Name     │   Value   │ Hesse Err │ Minos Err- │ Minos Err+ │ Limit-  │ Limit+  │ Fixed │
├───┼──────────┼───────────┼───────────┼────────────┼────────────┼─────────┼─────────┼───────┤
│ 0 │ ptcut    │   0.497   │   0.010   │            │            │   0.1   │    1    │       │
│ 1 │ pcut     │    8.1    │    0.5    │            │            │    1    │   10    │       │
│ 2 │ dptcut   │   2.15    │   0.17    │            │            │    0    │    5    │       │
│ 3 │ maxptcut │   0.90    │   0.06    │            │            │   0.5   │    3    │       │
│ 4 │ sumptcut │   4.31    │   0.10    │            │            │   2.5   │    6    │       │
└───┴──────────┴───────────┴───────────┴────────────┴────────────┴─────────┴─────────┴───────┘
┌──────────┬──────────────────────────────────────────────┐
│          │    ptcut     pcut   dptcut maxptcut sumptcut │
├──────────┼──────────────────────────────────────────────┤
│    ptcut │        1        0      0.6      0.4        1 │
│     pcut │        0        1     -0.3      0.1      0.1 │
│   dptcut │      0.6     -0.3        1      0.5      0.6 │
│ maxptcut │      0.4      0.1      0.5        1      0.3 │
│ sumptcut │        1      0.1      0.6      0.3        1 │
└──────────┴──────────────────────────────────────────────┘
restart 0: loglh = -9983.528
10 -9713.141757436904 [0.55       5.49999932 2.5        1.75       4.25      ]
20 -9713.141680733124 [0.55       5.5        2.5        1.75       4.24999993]
30 -9713.074895604619 [0.55000681 5.5        2.50068058 1.75       4.25      ]
40 -9713.149069436957 [0.55       5.49999319 2.50068058 1.75       4.25      ]
50 -9713.375805102653 [0.55       5.49312619 2.50068058 1.75       4.25      ]
60 -9713.474832723576 [0.55       5.49013167 2.50068058 1.75       4.25      ]
70 -9715.921361082324 [0.55       5.42514019 2.50068058 1.75068058 4.25      ]
80 -9740.529414921268 [0.55       4.74810489 2.50068058 1.75       4.25      ]
90 -9739.496843532508 [0.55       4.74810489 2.50068058 1.74686028 4.25      ]
100 -9826.367880828431 [0.54986823 1.90267602 2.50068058 1.75       4.25      ]
110 -9826.78069939534 [0.55       1.90267602 2.50068058 1.74748996 4.25      ]
120 -9849.354963322665 [0.55       1.90267602 3.56134469 1.75       4.25      ]
130 -9850.604658114855 [0.55       1.90267602 3.39572518 1.75       4.25      ]
140 -9924.77408157113 [0.5184959  6.82639953 3.60124378 0.65286393 4.55597174]
150 -9976.16585417886 [0.51632592 6.75109076 3.16605954 0.97091422 4.50414607]
160 -9980.221922752375 [0.50740032 7.71622257 2.47397578 1.04987488 4.41508982]
170 -9983.38304736153 [0.50228358 8.2004142  2.16537821 0.9113365  4.36760316]
180 -9983.528356664985 [0.4966296  8.10619615 2.15100131 0.90358098 4.30896776]
190 -9983.52835669012 [0.49662954 8.10619615 2.15100296 0.90358098 4.30896776]
200 -9983.528356211267 [0.49663023 8.10619615 2.15100131 0.90358098 4.30896776]
210 -9983.528356619812 [0.49662967 8.10619615 2.15100131 0.90358098 4.30896776]
220 -9983.528356182276 [0.49663023 8.10620695 2.15100131 0.90358098 4.30896776]
┌─────────────────────────────────────────────────────────────────────────┐
│                                Migrad                                   │
├──────────────────────────────────┬──────────────────────────────────────┤
│ FCN = -9984                      │        Nfcn = 228, Ngrad = 14        │
│ EDM = 1.55e-06 (Goal: 0.0001)    │            time = 8.4 sec            │
├──────────────────────────────────┼──────────────────────────────────────┤
│          Valid Minimum           │   Below EDM threshold (goal x 10)    │
├──────────────────────────────────┼──────────────────────────────────────┤
│      No parameters at limit      │           Below call limit           │
├──────────────────────────────────┼──────────────────────────────────────┤
│             Hesse ok             │         Covariance accurate          │
└──────────────────────────────────┴──────────────────────────────────────┘
┌───┬──────────┬───────────┬───────────┬────────────┬────────────┬─────────┬─────────┬───────┐
│   │ Name     │   Value   │ Hesse Err │ Minos Err- │ Minos Err+ │ Limit-  │ Limit+  │ Fixed │
├───┼──────────┼───────────┼───────────┼────────────┼────────────┼─────────┼─────────┼───────┤
│ 0 │ ptcut    │   0.497   │   0.010   │            │            │   0.1   │    1    │       │
│ 1 │ pcut     │    8.1    │    0.5    │            │            │    1    │   10    │       │
│ 2 │ dptcut   │   2.15    │   0.17    │            │            │    0    │    5    │       │
│ 3 │ maxptcut │   0.90    │   0.06    │            │            │   0.5   │    3    │       │
│ 4 │ sumptcut │   4.31    │   0.10    │            │            │   2.5   │    6    │       │
└───┴──────────┴───────────┴───────────┴────────────┴────────────┴─────────┴─────────┴───────┘
┌──────────┬──────────────────────────────────────────────┐
│          │    ptcut     pcut   dptcut maxptcut sumptcut │
├──────────┼──────────────────────────────────────────────┤
│    ptcut │        1        0      0.6      0.4        1 │
│     pcut │        0        1     -0.3      0.1      0.1 │
│   dptcut │      0.6     -0.3        1      0.5      0.6 │
│ maxptcut │      0.4      0.1      0.5        1      0.3 │
│ sumptcut │        1      0.1      0.6      0.3        1 │
└──────────┴──────────────────────────────────────────────┘
restart 1: loglh = -9983.528
10 -9713.141757436904 [0.55       5.49999932 2.5        1.75       4.25      ]
20 -9713.141680733124 [0.55       5.5        2.5        1.75       4.24999993]
30 -9713.074895604619 [0.55000681 5.5        2.50068058 1.75       4.25      ]
40 -9713.149069436957 [0.55       5.49999319 2.50068058 1.75       4.25      ]
50 -9713.375805102653 [0.55       5.49312619 2.50068058 1.75       4.25      ]
60 -9713.474832723576 [0.55       5.49013167 2.50068058 1.75       4.25      ]
70 -9715.921361082324 [0.55       5.42514019 2.50068058 1.75068058 4.25      ]
80 -9740.529414921268 [0.55       4.74810489 2.50068058 1.75       4.25      ]
90 -9739.496843532508 [0.55       4.74810489 2.50068058 1.74686028 4.25      ]
100 -9826.367880828431 [0.54986823 1.90267602 2.50068058 1.75       4.25      ]
110 -9826.78069939534 [0.55       1.90267602 2.50068058 1.74748996 4.25      ]
120 -9849.354963322665 [0.55       1.90267602 3.56134469 1.75       4.25      ]
130 -9850.604658114855 [0.55       1.90267602 3.39572518 1.75       4.25      ]
140 -9924.77408157113 [0.5184959  6.82639953 3.60124378 0.65286393 4.55597174]
150 -9976.16585417886 [0.51632592 6.75109076 3.16605954 0.97091422 4.50414607]
160 -9980.221922752375 [0.50740032 7.71622257 2.47397578 1.04987488 4.41508982]
170 -9983.38304736153 [0.50228358 8.2004142  2.16537821 0.9113365  4.36760316]
180 -9983.528356664985 [0.4966296  8.10619615 2.15100131 0.90358098 4.30896776]
190 -9983.52835669012 [0.49662954 8.10619615 2.15100296 0.90358098 4.30896776]
200 -9983.528356211267 [0.49663023 8.10619615 2.15100131 0.90358098 4.30896776]
210 -9983.528356619812 [0.49662967 8.10619615 2.15100131 0.90358098 4.30896776]
220 -9983.528356182276 [0.49663023 8.10620695 2.15100131 0.90358098 4.30896776]
┌─────────────────────────────────────────────────────────────────────────┐
│                                Migrad                                   │
├──────────────────────────────────┬──────────────────────────────────────┤
│ FCN = -9984                      │        Nfcn = 228, Ngrad = 14        │
│ EDM = 1.55e-06 (Goal: 0.0001)    │            time = 7.8 sec            │
├──────────────────────────────────┼──────────────────────────────────────┤
│          Valid Minimum           │   Below EDM threshold (goal x 10)    │
├──────────────────────────────────┼──────────────────────────────────────┤
│      No parameters at limit      │           Below call limit           │
├──────────────────────────────────┼──────────────────────────────────────┤
│             Hesse ok             │         Covariance accurate          │
└──────────────────────────────────┴──────────────────────────────────────┘
┌───┬──────────┬───────────┬───────────┬────────────┬────────────┬─────────┬─────────┬───────┐
│   │ Name     │   Value   │ Hesse Err │ Minos Err- │ Minos Err+ │ Limit-  │ Limit+  │ Fixed │
├───┼──────────┼───────────┼───────────┼────────────┼────────────┼─────────┼─────────┼───────┤
│ 0 │ ptcut    │   0.497   │   0.010   │            │            │   0.1   │    1    │       │
│ 1 │ pcut     │    8.1    │    0.5    │            │            │    1    │   10    │       │
│ 2 │ dptcut   │   2.15    │   0.17    │            │            │    0    │    5    │       │
│ 3 │ maxptcut │   0.90    │   0.06    │            │            │   0.5   │    3    │       │
│ 4 │ sumptcut │   4.31    │   0.10    │            │            │   2.5   │    6    │       │
└───┴──────────┴───────────┴───────────┴────────────┴────────────┴─────────┴─────────┴───────┘
┌──────────┬──────────────────────────────────────────────┐
│          │    ptcut     pcut   dptcut maxptcut sumptcut │
├──────────┼──────────────────────────────────────────────┤
│    ptcut │        1        0      0.6      0.4        1 │
│     pcut │        0        1     -0.3      0.1      0.1 │
│   dptcut │      0.6     -0.3        1      0.5      0.6 │
│ maxptcut │      0.4      0.1      0.5        1      0.3 │
│ sumptcut │        1      0.1      0.6      0.3        1 │
└──────────┴──────────────────────────────────────────────┘
restart 2: loglh = -9983.528
10 -9713.141757436904 [0.55       5.49999932 2.5        1.75       4.25      ]
20 -9713.141680733124 [0.55       5.5        2.5        1.75       4.24999993]
30 -9713.074895604619 [0.55000681 5.5        2.50068058 1.75       4.25      ]
40 -9713.149069436957 [0.55       5.49999319 2.50068058 1.75       4.25      ]
50 -9713.375805102653 [0.55       5.49312619 2.50068058 1.75       4.25      ]
60 -9713.474832723576 [0.55       5.49013167 2.50068058 1.75       4.25      ]
70 -9715.921361082324 [0.55       5.42514019 2.50068058 1.75068058 4.25      ]
80 -9740.529414921268 [0.55       4.74810489 2.50068058 1.75       4.25      ]
90 -9739.496843532508 [0.55       4.74810489 2.50068058 1.74686028 4.25      ]
100 -9826.367880828431 [0.54986823 1.90267602 2.50068058 1.75       4.25      ]
110 -9826.78069939534 [0.55       1.90267602 2.50068058 1.74748996 4.25      ]
120 -9849.354963322665 [0.55       1.90267602 3.56134469 1.75       4.25      ]
130 -9850.604658114855 [0.55       1.90267602 3.39572518 1.75       4.25      ]
140 -9924.77408157113 [0.5184959  6.82639953 3.60124378 0.65286393 4.55597174]
150 -9976.16585417886 [0.51632592 6.75109076 3.16605954 0.97091422 4.50414607]
160 -9980.221922752375 [0.50740032 7.71622257 2.47397578 1.04987488 4.41508982]
170 -9983.38304736153 [0.50228358 8.2004142  2.16537821 0.9113365  4.36760316]
180 -9983.528356664985 [0.4966296  8.10619615 2.15100131 0.90358098 4.30896776]
190 -9983.52835669012 [0.49662954 8.10619615 2.15100296 0.90358098 4.30896776]
200 -9983.528356211267 [0.49663023 8.10619615 2.15100131 0.90358098 4.30896776]
210 -9983.528356619812 [0.49662967 8.10619615 2.15100131 0.90358098 4.30896776]
220 -9983.528356182276 [0.49663023 8.10620695 2.15100131 0.90358098 4.30896776]
┌─────────────────────────────────────────────────────────────────────────┐
│                                Migrad                                   │
├──────────────────────────────────┬──────────────────────────────────────┤
│ FCN = -9984                      │        Nfcn = 228, Ngrad = 14        │
│ EDM = 1.55e-06 (Goal: 0.0001)    │            time = 7.9 sec            │
├──────────────────────────────────┼──────────────────────────────────────┤
│          Valid Minimum           │   Below EDM threshold (goal x 10)    │
├──────────────────────────────────┼──────────────────────────────────────┤
│      No parameters at limit      │           Below call limit           │
├──────────────────────────────────┼──────────────────────────────────────┤
│             Hesse ok             │         Covariance accurate          │
└──────────────────────────────────┴──────────────────────────────────────┘
┌───┬──────────┬───────────┬───────────┬────────────┬────────────┬─────────┬─────────┬───────┐
│   │ Name     │   Value   │ Hesse Err │ Minos Err- │ Minos Err+ │ Limit-  │ Limit+  │ Fixed │
├───┼──────────┼───────────┼───────────┼────────────┼────────────┼─────────┼─────────┼───────┤
│ 0 │ ptcut    │   0.497   │   0.010   │            │            │   0.1   │    1    │       │
│ 1 │ pcut     │    8.1    │    0.5    │            │            │    1    │   10    │       │
│ 2 │ dptcut   │   2.15    │   0.17    │            │            │    0    │    5    │       │
│ 3 │ maxptcut │   0.90    │   0.06    │            │            │   0.5   │    3    │       │
│ 4 │ sumptcut │   4.31    │   0.10    │            │            │   2.5   │    6    │       │
└───┴──────────┴───────────┴───────────┴────────────┴────────────┴─────────┴─────────┴───────┘
┌──────────┬──────────────────────────────────────────────┐
│          │    ptcut     pcut   dptcut maxptcut sumptcut │
├──────────┼──────────────────────────────────────────────┤
│    ptcut │        1        0      0.6      0.4        1 │
│     pcut │        0        1     -0.3      0.1      0.1 │
│   dptcut │      0.6     -0.3        1      0.5      0.6 │
│ maxptcut │      0.4      0.1      0.5        1      0.3 │
│ sumptcut │        1      0.1      0.6      0.3        1 │
└──────────┴──────────────────────────────────────────────┘
restart 3: loglh = -9983.528
10 -9713.141757436904 [0.55       5.49999932 2.5        1.75       4.25      ]
20 -9713.141680733124 [0.55       5.5        2.5        1.75       4.24999993]
30 -9713.074895604619 [0.55000681 5.5        2.50068058 1.75       4.25      ]
40 -9713.149069436957 [0.55       5.49999319 2.50068058 1.75       4.25      ]
50 -9713.375805102653 [0.55       5.49312619 2.50068058 1.75       4.25      ]
60 -9713.474832723576 [0.55       5.49013167 2.50068058 1.75       4.25      ]
70 -9715.921361082324 [0.55       5.42514019 2.50068058 1.75068058 4.25      ]
80 -9740.529414921268 [0.55       4.74810489 2.50068058 1.75       4.25      ]
90 -9739.496843532508 [0.55       4.74810489 2.50068058 1.74686028 4.25      ]
100 -9826.367880828431 [0.54986823 1.90267602 2.50068058 1.75       4.25      ]
110 -9826.78069939534 [0.55       1.90267602 2.50068058 1.74748996 4.25      ]
120 -9849.354963322665 [0.55       1.90267602 3.56134469 1.75       4.25      ]
130 -9850.604658114855 [0.55       1.90267602 3.39572518 1.75       4.25      ]
140 -9924.77408157113 [0.5184959  6.82639953 3.60124378 0.65286393 4.55597174]
150 -9976.16585417886 [0.51632592 6.75109076 3.16605954 0.97091422 4.50414607]
160 -9980.221922752375 [0.50740032 7.71622257 2.47397578 1.04987488 4.41508982]
170 -9983.38304736153 [0.50228358 8.2004142  2.16537821 0.9113365  4.36760316]
180 -9983.528356664985 [0.4966296  8.10619615 2.15100131 0.90358098 4.30896776]
190 -9983.52835669012 [0.49662954 8.10619615 2.15100296 0.90358098 4.30896776]
200 -9983.528356211267 [0.49663023 8.10619615 2.15100131 0.90358098 4.30896776]
210 -9983.528356619812 [0.49662967 8.10619615 2.15100131 0.90358098 4.30896776]
220 -9983.528356182276 [0.49663023 8.10620695 2.15100131 0.90358098 4.30896776]
┌─────────────────────────────────────────────────────────────────────────┐
│                                Migrad                                   │
├──────────────────────────────────┬──────────────────────────────────────┤
│ FCN = -9984                      │        Nfcn = 228, Ngrad = 14        │
│ EDM = 1.55e-06 (Goal: 0.0001)    │            time = 8.2 sec            │
├──────────────────────────────────┼──────────────────────────────────────┤
│          Valid Minimum           │   Below EDM threshold (goal x 10)    │
├──────────────────────────────────┼──────────────────────────────────────┤
│      No parameters at limit      │           Below call limit           │
├──────────────────────────────────┼──────────────────────────────────────┤
│             Hesse ok             │         Covariance accurate          │
└──────────────────────────────────┴──────────────────────────────────────┘
┌───┬──────────┬───────────┬───────────┬────────────┬────────────┬─────────┬─────────┬───────┐
│   │ Name     │   Value   │ Hesse Err │ Minos Err- │ Minos Err+ │ Limit-  │ Limit+  │ Fixed │
├───┼──────────┼───────────┼───────────┼────────────┼────────────┼─────────┼─────────┼───────┤
│ 0 │ ptcut    │   0.497   │   0.010   │            │            │   0.1   │    1    │       │
│ 1 │ pcut     │    8.1    │    0.5    │            │            │    1    │   10    │       │
│ 2 │ dptcut   │   2.15    │   0.17    │            │            │    0    │    5    │       │
│ 3 │ maxptcut │   0.90    │   0.06    │            │            │   0.5   │    3    │       │
│ 4 │ sumptcut │   4.31    │   0.10    │            │            │   2.5   │    6    │       │
└───┴──────────┴───────────┴───────────┴────────────┴────────────┴─────────┴─────────┴───────┘
┌──────────┬──────────────────────────────────────────────┐
│          │    ptcut     pcut   dptcut maxptcut sumptcut │
├──────────┼──────────────────────────────────────────────┤
│    ptcut │        1        0      0.6      0.4        1 │
│     pcut │        0        1     -0.3      0.1      0.1 │
│   dptcut │      0.6     -0.3        1      0.5      0.6 │
│ maxptcut │      0.4      0.1      0.5        1      0.3 │
│ sumptcut │        1      0.1      0.6      0.3        1 │
└──────────┴──────────────────────────────────────────────┘
restart 4: loglh = -9983.528
Optimization Finished!

Fitted latent parameters (reproduced vs true):
  ptcut       fit =   0.4966 +/-  0.0103   true =  0.4000   range (0.1, 1.0)
  pcut        fit =   8.1062 +/-  0.4508   true =  3.0000   range (1.0, 10.0)
  dptcut      fit =   2.1510 +/-  0.1744   true =  2.0000   range (0.0, 5.0)
  maxptcut    fit =   0.9036 +/-  0.0614   true =  1.0000   range (0.5, 3.0)
  sumptcut    fit =   4.3090 +/-  0.1047   true =  3.0000   range (2.5, 6.0)

Chi2 (test, 50x50) = 2576.2
Saved /rds/user/zx342/hpc-work/Ds2KpipiEfficiency/new_funcs/eff_joint_fit_fig10.png
