WARNING: All log messages before absl::InitializeLog() is called are written to STDERR
I0000 00:00:1783631772.197948    5037 cpu_feature_guard.cc:227] This TensorFlow binary is optimized to use available CPU instructions in performance-critical operations.
To enable the following instructions: AVX2 FMA, in other operations, rebuild TensorFlow with the appropriate compiler flags.
GPUs: [PhysicalDevice(name='/physical_device:GPU:0', device_type='GPU')]  | veto='m1:0.82:0.86' hidden=[64, 128, 64, 16] lam2=0.3 lr=0.0005->1.5e-05 epochs=30000
VETO [m1 in (0.82,0.86)]: 568513 events removed, 4619947 remain
train 4157953, val 461994, norm 2326105
I0000 00:00:1783631793.647248    5037 gpu_device.cc:2043] Created device /job:localhost/replica:0/task:0/device:GPU:0 with 20833 MB memory:  -> device: 0, name: NVIDIA L4, pci bus id: 0000:01:00.0, compute capability: 8.9
  epoch      0  val     -12659.4  best     -12659.4
  epoch   2000  val    -259321.6  best    -259578.0
  epoch   4000  val    -259764.8  best    -263114.4
  epoch   6000  val    -259169.2  best    -263114.4
  epoch   8000  val    -259189.0  best    -263624.9
  epoch  10000  val    -257295.7  best    -263813.0
  epoch  12000  val    -258546.6  best    -263813.0
  epoch  14000  val    -259161.7  best    -263813.0
  epoch  16000  val    -260895.0  best    -263813.0
  epoch  18000  val    -257708.1  best    -263813.0
  epoch  20000  val    -258274.6  best    -263813.0
  epoch  22000  val    -257358.5  best    -263813.0
  epoch  24000  val    -259481.6  best    -264256.6
  epoch  26000  val    -259167.9  best    -264256.6
  epoch  28000  val    -259049.6  best    -264256.6
done: best_val=-264256.6 @ epoch 23900
  [ANN] recovery ratio=1.000  chi2/nb=0.27  saved plots_veto/veto_ann_mass_s_rec.png
saved plots_veto/veto_ann_mass_s.npy + plots_veto/veto_ann_mass_s_rec.png
