WARNING: All log messages before absl::InitializeLog() is called are written to STDERR
I0000 00:00:1783658756.609490   22759 cpu_feature_guard.cc:227] This TensorFlow binary is optimized to use available CPU instructions in performance-critical operations.
To enable the following instructions: AVX2 FMA, in other operations, rebuild TensorFlow with the appropriate compiler flags.
GPUs: [PhysicalDevice(name='/physical_device:GPU:0', device_type='GPU')]  | veto='cos1:-0.6:-0.2,cos2:-0.6:-0.2' hidden=[64, 128, 64, 16] lam2=0.3 lr=0.0005->1.5e-05 epochs=30000
VETO [cos1 in (-0.6,-0.2) AND cos2 in (-0.6,-0.2)]: 315222 events removed, 4873238 remain
train 4385915, val 487323, norm 2496116
I0000 00:00:1783658761.305688   22759 gpu_device.cc:2043] Created device /job:localhost/replica:0/task:0/device:GPU:0 with 20833 MB memory:  -> device: 0, name: NVIDIA L4, pci bus id: 0000:c1:00.0, compute capability: 8.9
  epoch      0  val       3354.0  best       3354.0
  epoch   2000  val    -275403.6  best    -275850.2
  epoch   4000  val    -276333.3  best    -278035.3
  epoch   6000  val    -276454.4  best    -278337.5
  epoch   8000  val    -276536.3  best    -279793.2
  epoch  10000  val    -281390.4  best    -281390.4
  epoch  12000  val    -278658.1  best    -281390.4
  epoch  14000  val    -274978.5  best    -281390.4
  epoch  16000  val    -274104.8  best    -281390.4
  epoch  18000  val    -274472.0  best    -281390.4
  epoch  20000  val    -278149.8  best    -281390.4
  epoch  22000  val    -268537.4  best    -282617.8
  epoch  24000  val    -277134.0  best    -282617.8
  epoch  26000  val    -266715.8  best    -282617.8
  epoch  28000  val    -274557.4  best    -283650.1
done: best_val=-283650.1 @ epoch 26400
  [ANN] recovery ratio=1.001  chi2/nb=0.40  saved plots_veto/veto_ann_2d_s_rec.png
saved plots_veto/veto_ann_2d_s.npy + plots_veto/veto_ann_2d_s_rec.png
