WARNING: All log messages before absl::InitializeLog() is called are written to STDERR
I0000 00:00:1783645336.665011   16602 cpu_feature_guard.cc:227] This TensorFlow binary is optimized to use available CPU instructions in performance-critical operations.
To enable the following instructions: AVX2 FMA, in other operations, rebuild TensorFlow with the appropriate compiler flags.
GPUs: [PhysicalDevice(name='/physical_device:GPU:0', device_type='GPU')]  | veto='cos1:0.4:1.0' hidden=[64, 128, 64, 16] lam2=0.3 lr=0.0005->1.5e-05 epochs=30000
VETO [cos1 in (0.4,1)]: 921379 events removed, 4267081 remain
train 3840373, val 426708, norm 1820485
I0000 00:00:1783645340.963648   16602 gpu_device.cc:2043] Created device /job:localhost/replica:0/task:0/device:GPU:0 with 20833 MB memory:  -> device: 0, name: NVIDIA L4, pci bus id: 0000:82:00.0, compute capability: 8.9
  epoch      0  val      35419.6  best      35419.6
  epoch   2000  val    -128576.9  best    -130608.5
  epoch   4000  val    -128140.3  best    -132585.8
  epoch   6000  val    -128353.0  best    -132585.8
  epoch   8000  val    -129869.9  best    -132585.8
  epoch  10000  val    -129891.9  best    -132585.8
  epoch  12000  val    -129913.4  best    -132585.8
  epoch  14000  val    -129867.7  best    -132585.8
  epoch  16000  val    -129946.7  best    -132585.8
  epoch  18000  val    -129635.3  best    -132585.8
  epoch  20000  val    -129794.5  best    -132585.8
  epoch  22000  val    -129519.6  best    -132585.8
  epoch  24000  val    -129656.1  best    -132585.8
  epoch  26000  val    -129526.7  best    -132585.8
  epoch  28000  val    -129511.5  best    -132585.8
done: best_val=-132585.8 @ epoch 3200
  [ANN] recovery ratio=1.327  chi2/nb=9847.98  saved plots_veto/veto_ann_atail_l_rec.png
saved plots_veto/veto_ann_atail_l.npy + plots_veto/veto_ann_atail_l_rec.png
