WARNING: All log messages before absl::InitializeLog() is called are written to STDERR
I0000 00:00:1783631772.170606    5038 cpu_feature_guard.cc:227] This TensorFlow binary is optimized to use available CPU instructions in performance-critical operations.
To enable the following instructions: AVX2 FMA, in other operations, rebuild TensorFlow with the appropriate compiler flags.
GPUs: [PhysicalDevice(name='/physical_device:GPU:0', device_type='GPU')]  | veto='m1:0.75:0.93' hidden=[64, 128, 64, 16] lam2=0.3 lr=0.0005->1.5e-05 epochs=30000
VETO [m1 in (0.75,0.93)]: 2543229 events removed, 2645231 remain
train 2380708, val 264523, norm 1367729
I0000 00:00:1783631780.875256    5038 gpu_device.cc:2043] Created device /job:localhost/replica:0/task:0/device:GPU:0 with 20833 MB memory:  -> device: 0, name: NVIDIA L4, pci bus id: 0000:82:00.0, compute capability: 8.9
  epoch      0  val     -26330.2  best     -26330.2
  epoch   2000  val    -145085.4  best    -145085.4
  epoch   4000  val    -144684.3  best    -145120.4
  epoch   6000  val    -144043.9  best    -145120.4
  epoch   8000  val    -144317.3  best    -145120.4
  epoch  10000  val    -144278.4  best    -145120.4
  epoch  12000  val    -144200.1  best    -145120.4
  epoch  14000  val    -143918.3  best    -145120.4
  epoch  16000  val    -143893.9  best    -145120.4
  epoch  18000  val    -143842.8  best    -145120.4
  epoch  20000  val    -143606.0  best    -145120.4
  epoch  22000  val    -143575.0  best    -145120.4
  epoch  24000  val    -143498.6  best    -145120.4
  epoch  26000  val    -143366.1  best    -145120.4
  epoch  28000  val    -143241.7  best    -145120.4
done: best_val=-145120.4 @ epoch 2300
  [ANN] recovery ratio=1.006  chi2/nb=6.44  saved plots_veto/veto_ann_mass_xl_rec.png
saved plots_veto/veto_ann_mass_xl.npy + plots_veto/veto_ann_mass_xl_rec.png
