WARNING: All log messages before absl::InitializeLog() is called are written to STDERR
I0000 00:00:1783652447.452621   20226 cpu_feature_guard.cc:227] This TensorFlow binary is optimized to use available CPU instructions in performance-critical operations.
To enable the following instructions: AVX2 FMA, in other operations, rebuild TensorFlow with the appropriate compiler flags.
GPUs: [PhysicalDevice(name='/physical_device:GPU:0', device_type='GPU')]  | veto='cos1:0.6:0.8' hidden=[64, 128, 64, 16] lam2=0.3 lr=0.0005->1.5e-05 epochs=30000
VETO [cos1 in (0.6,0.8)]: 329094 events removed, 4859366 remain
train 4373430, val 485936, norm 2340443
I0000 00:00:1783652452.024540   20226 gpu_device.cc:2043] Created device /job:localhost/replica:0/task:0/device:GPU:0 with 20833 MB memory:  -> device: 0, name: NVIDIA L4, pci bus id: 0000:02:00.0, compute capability: 8.9
  epoch      0  val     -12879.4  best     -12879.4
  epoch   2000  val    -259903.8  best    -259903.8
  epoch   4000  val    -258839.6  best    -261212.1
  epoch   6000  val    -259073.1  best    -262426.9
  epoch   8000  val    -258241.3  best    -263763.9
  epoch  10000  val    -262422.4  best    -263763.9
  epoch  12000  val    -262258.9  best    -263763.9
  epoch  14000  val    -260878.0  best    -263763.9
  epoch  16000  val    -259359.2  best    -263763.9
  epoch  18000  val    -258815.9  best    -263763.9
  epoch  20000  val    -261297.0  best    -263763.9
  epoch  22000  val    -260909.0  best    -263763.9
  epoch  24000  val    -260329.3  best    -263763.9
  epoch  26000  val    -260693.0  best    -263763.9
  epoch  28000  val    -259786.9  best    -263763.9
done: best_val=-263763.9 @ epoch 7000
  [ANN] recovery ratio=1.003  chi2/nb=1.11  saved plots_veto/veto_ann_atail_s_rec.png
saved plots_veto/veto_ann_atail_s.npy + plots_veto/veto_ann_atail_s_rec.png
